2025-12-11 12:03:15,220 [INFO] Logger initialized. Writing to E:\TDTu\TAI_LIEU\KY1-NAM5\DU_AN_CNTT\logs\train_att_cnn_lstm_v3.log
2025-12-11 12:03:15,220 [INFO] === Training ATT-CNN-LSTM v3 (stable) ===
2025-12-11 12:03:16,498 [INFO] Train shape=(62881, 8), Valid shape=(2119, 8)
2025-12-11 12:03:30,640 [INFO] Epoch 1/40  Train=0.060453  Valid=0.154952
2025-12-11 12:03:43,018 [INFO] Epoch 2/40  Train=0.007369  Valid=0.032868
2025-12-11 12:03:55,219 [INFO] Epoch 3/40  Train=0.007579  Valid=0.140393
2025-12-11 12:04:08,339 [INFO] Epoch 4/40  Train=0.005916  Valid=0.145983
2025-12-11 12:04:20,521 [INFO] Epoch 5/40  Train=0.006081  Valid=0.079320
2025-12-11 12:04:32,817 [INFO] Epoch 6/40  Train=0.004904  Valid=0.134867
2025-12-11 12:04:45,871 [INFO] Epoch 7/40  Train=0.004024  Valid=0.027358
2025-12-11 12:04:59,126 [INFO] Epoch 8/40  Train=0.003067  Valid=0.014713
2025-12-11 12:05:12,601 [INFO] Epoch 9/40  Train=0.003988  Valid=0.040938
2025-12-11 12:05:25,963 [INFO] Epoch 10/40  Train=0.003379  Valid=0.018605
2025-12-11 12:05:38,655 [INFO] Epoch 11/40  Train=0.003577  Valid=0.021435
2025-12-11 12:05:51,781 [INFO] Epoch 12/40  Train=0.003216  Valid=0.067820
2025-12-11 12:06:04,698 [INFO] Epoch 13/40  Train=0.002666  Valid=0.018362
2025-12-11 12:06:17,638 [INFO] Epoch 14/40  Train=0.003012  Valid=0.015557
2025-12-11 12:06:30,758 [INFO] Epoch 15/40  Train=0.001781  Valid=0.007982
2025-12-11 12:06:43,821 [INFO] Epoch 16/40  Train=0.001804  Valid=0.040228
2025-12-11 12:06:57,049 [INFO] Epoch 17/40  Train=0.001826  Valid=0.023693
2025-12-11 12:07:10,701 [INFO] Epoch 18/40  Train=0.001942  Valid=0.018798
2025-12-11 12:07:25,586 [INFO] Epoch 19/40  Train=0.001769  Valid=0.037069
2025-12-11 12:07:39,871 [INFO] Epoch 20/40  Train=0.001765  Valid=0.005255
2025-12-11 12:07:54,145 [INFO] Epoch 21/40  Train=0.001646  Valid=0.042845
2025-12-11 12:08:07,987 [INFO] Epoch 22/40  Train=0.001699  Valid=0.014239
2025-12-11 12:08:21,909 [INFO] Epoch 23/40  Train=0.001714  Valid=0.018255
2025-12-11 12:08:35,488 [INFO] Epoch 24/40  Train=0.001747  Valid=0.029986
2025-12-11 12:08:48,425 [INFO] Epoch 25/40  Train=0.002010  Valid=0.039945
2025-12-11 12:09:03,253 [INFO] Epoch 26/40  Train=0.001588  Valid=0.032923
2025-12-11 12:09:16,398 [INFO] Epoch 27/40  Train=0.001165  Valid=0.017443
2025-12-11 12:09:29,896 [INFO] Epoch 28/40  Train=0.001143  Valid=0.029722
2025-12-11 12:09:43,505 [INFO] Epoch 29/40  Train=0.001127  Valid=0.016068
2025-12-11 12:09:56,713 [INFO] Epoch 30/40  Train=0.001123  Valid=0.042874
2025-12-11 12:10:10,001 [INFO] Epoch 31/40  Train=0.001084  Valid=0.025131
2025-12-11 12:10:23,448 [INFO] Epoch 32/40  Train=0.001135  Valid=0.029603
2025-12-11 12:10:36,854 [INFO] Epoch 33/40  Train=0.000896  Valid=0.016891
2025-12-11 12:10:50,201 [INFO] Epoch 34/40  Train=0.000837  Valid=0.013555
2025-12-11 12:11:03,777 [INFO] Epoch 35/40  Train=0.000848  Valid=0.019573
2025-12-11 12:11:17,223 [INFO] Epoch 36/40  Train=0.000853  Valid=0.012709
2025-12-11 12:11:30,677 [INFO] Epoch 37/40  Train=0.000857  Valid=0.013892
2025-12-11 12:11:43,963 [INFO] Epoch 38/40  Train=0.000903  Valid=0.004845
2025-12-11 12:11:57,211 [INFO] Epoch 39/40  Train=0.000870  Valid=0.016393
2025-12-11 12:12:10,457 [INFO] Epoch 40/40  Train=0.000807  Valid=0.020789
2025-12-11 12:12:10,635 [INFO] Saved ATT-CNN-LSTM v3 checkpoint + metrics + embeddings.
2025-12-11 12:12:10,635 [INFO] Metrics = {'MSE': 0.00484452024102211, 'MAE': 0.059612710028886795}
