2025-12-11 12:14:41,887 [INFO] Logger initialized. Writing to E:\TDTu\TAI_LIEU\KY1-NAM5\DU_AN_CNTT\logs\train_transformer_v3.log
2025-12-11 12:14:41,887 [INFO] === Training Transformer v3 (predict CLOSE t+1) ===
2025-12-11 12:14:42,985 [INFO] Train DF shape = (62881, 8), Valid DF shape = (2119, 8)
2025-12-11 12:14:43,073 [INFO] Train sequences: 62821, Valid sequences: 2059
2025-12-11 12:15:03,295 [INFO] Epoch 1/50  Train=0.061725  Valid=0.351874
2025-12-11 12:15:21,821 [INFO] Epoch 2/50  Train=0.030117  Valid=0.070111
2025-12-11 12:15:40,388 [INFO] Epoch 3/50  Train=0.012708  Valid=0.048821
2025-12-11 12:15:59,032 [INFO] Epoch 4/50  Train=0.008233  Valid=0.154729
2025-12-11 12:16:17,936 [INFO] Epoch 5/50  Train=0.006954  Valid=0.176710
2025-12-11 12:16:37,653 [INFO] Epoch 6/50  Train=0.006749  Valid=0.142176
2025-12-11 12:16:56,624 [INFO] Epoch 7/50  Train=0.005786  Valid=0.102199
2025-12-11 12:17:15,618 [INFO] Epoch 8/50  Train=0.005259  Valid=0.072030
2025-12-11 12:17:34,812 [INFO] Epoch 9/50  Train=0.004919  Valid=0.046370
2025-12-11 12:17:53,736 [INFO] Epoch 10/50  Train=0.004591  Valid=0.120709
2025-12-11 12:18:12,679 [INFO] Epoch 11/50  Train=0.004593  Valid=0.065879
2025-12-11 12:18:31,746 [INFO] Epoch 12/50  Train=0.004544  Valid=0.092144
2025-12-11 12:18:50,821 [INFO] Epoch 13/50  Train=0.004123  Valid=0.118958
2025-12-11 12:19:09,821 [INFO] Epoch 14/50  Train=0.004039  Valid=0.078908
2025-12-11 12:19:28,895 [INFO] Epoch 15/50  Train=0.003920  Valid=0.100913
2025-12-11 12:19:47,905 [INFO] Epoch 16/50  Train=0.003161  Valid=0.079881
2025-12-11 12:20:06,824 [INFO] Epoch 17/50  Train=0.003246  Valid=0.088582
2025-12-11 12:20:25,957 [INFO] Epoch 18/50  Train=0.003224  Valid=0.110841
2025-12-11 12:20:44,962 [INFO] Epoch 19/50  Train=0.003228  Valid=0.067729
2025-12-11 12:21:03,924 [INFO] Epoch 20/50  Train=0.003177  Valid=0.126071
2025-12-11 12:21:22,929 [INFO] Epoch 21/50  Train=0.003178  Valid=0.088860
2025-12-11 12:21:41,987 [INFO] Epoch 22/50  Train=0.002873  Valid=0.082880
2025-12-11 12:22:00,948 [INFO] Epoch 23/50  Train=0.002776  Valid=0.088380
2025-12-11 12:22:19,941 [INFO] Epoch 24/50  Train=0.002770  Valid=0.112944
2025-12-11 12:22:38,936 [INFO] Epoch 25/50  Train=0.002900  Valid=0.120938
2025-12-11 12:22:58,043 [INFO] Epoch 26/50  Train=0.002865  Valid=0.073892
2025-12-11 12:23:17,124 [INFO] Epoch 27/50  Train=0.002816  Valid=0.114120
2025-12-11 12:23:36,346 [INFO] Epoch 28/50  Train=0.002693  Valid=0.108024
2025-12-11 12:23:55,418 [INFO] Epoch 29/50  Train=0.002712  Valid=0.099041
2025-12-11 12:24:14,554 [INFO] Epoch 30/50  Train=0.002635  Valid=0.089944
2025-12-11 12:24:33,497 [INFO] Epoch 31/50  Train=0.002678  Valid=0.104813
2025-12-11 12:24:52,459 [INFO] Epoch 32/50  Train=0.002617  Valid=0.109409
2025-12-11 12:25:11,468 [INFO] Epoch 33/50  Train=0.002669  Valid=0.090655
2025-12-11 12:25:30,511 [INFO] Epoch 34/50  Train=0.002555  Valid=0.105584
2025-12-11 12:25:49,540 [INFO] Epoch 35/50  Train=0.002571  Valid=0.083763
2025-12-11 12:26:08,451 [INFO] Epoch 36/50  Train=0.002562  Valid=0.101661
2025-12-11 12:26:27,365 [INFO] Epoch 37/50  Train=0.002592  Valid=0.098886
2025-12-11 12:26:46,436 [INFO] Epoch 38/50  Train=0.002563  Valid=0.098896
2025-12-11 12:27:05,463 [INFO] Epoch 39/50  Train=0.002585  Valid=0.101023
2025-12-11 12:27:24,413 [INFO] Epoch 40/50  Train=0.002528  Valid=0.098249
2025-12-11 12:27:43,481 [INFO] Epoch 41/50  Train=0.002508  Valid=0.100307
2025-12-11 12:28:02,561 [INFO] Epoch 42/50  Train=0.002528  Valid=0.091330
2025-12-11 12:28:21,596 [INFO] Epoch 43/50  Train=0.002505  Valid=0.092604
2025-12-11 12:28:41,194 [INFO] Epoch 44/50  Train=0.002519  Valid=0.108777
2025-12-11 12:29:01,285 [INFO] Epoch 45/50  Train=0.002507  Valid=0.108021
2025-12-11 12:29:20,833 [INFO] Epoch 46/50  Train=0.002496  Valid=0.100956
2025-12-11 12:29:40,017 [INFO] Epoch 47/50  Train=0.002504  Valid=0.097473
2025-12-11 12:29:59,275 [INFO] Epoch 48/50  Train=0.002489  Valid=0.104447
2025-12-11 12:30:18,642 [INFO] Epoch 49/50  Train=0.002482  Valid=0.097141
2025-12-11 12:30:38,126 [INFO] Epoch 50/50  Train=0.002481  Valid=0.101143
2025-12-11 12:30:38,353 [INFO] Saved Transformer v3 checkpoint + metrics + embeddings.
2025-12-11 12:30:38,354 [INFO] Metrics = {'MSE': 0.04636969789862633, 'MAE': 0.20219320058822632}
